// Jest Snapshot v1, https://goo.gl/fbAQLP

exports[`<HelloMessage /> should match snapshot 1`] = `
<div>
  Hello 
  Ala
</div>
`;
